  File "/home/systema1/privateapps.systematicdefence.tech/server/passenger_wsgi.py", line 1
    import sys import os 
               ^^^^^^
SyntaxError: invalid syntax
  File "/home/systema1/privateapps.systematicdefence.tech/server/passenger_wsgi.py", line 1
    import sys import os 
               ^^^^^^
SyntaxError: invalid syntax
[UID:1568][3592018] Child process with pid: 3592038 was killed by signal: 15, core dumped: no
  File "/home/systema1/privateapps.systematicdefence.tech/server/passenger_wsgi.py", line 1
    import sys import os 
               ^^^^^^
SyntaxError: invalid syntax
  File "/home/systema1/privateapps.systematicdefence.tech/server/passenger_wsgi.py", line 1
    import sys import os 
               ^^^^^^
SyntaxError: invalid syntax
[UID:1568][3592079] Child process with pid: 3592093 was killed by signal: 15, core dumped: no
  File "/home/systema1/privateapps.systematicdefence.tech/server/passenger_wsgi.py", line 14
    sys.path.insert(0, os.path.join(os.environ['VIRTUAL_ENV'], 'lib', 'python3.10', 'site-packages')) 
    ^
IndentationError: expected an indented block after 'if' statement on line 12
  File "/home/systema1/privateapps.systematicdefence.tech/server/passenger_wsgi.py", line 14
    sys.path.insert(0, os.path.join(os.environ['VIRTUAL_ENV'], 'lib', 'python3.10', 'site-packages')) 
    ^
IndentationError: expected an indented block after 'if' statement on line 12
[UID:1568][3615397] Child process with pid: 3615416 was killed by signal: 15, core dumped: no
  File "/home/systema1/privateapps.systematicdefence.tech/server/passenger_wsgi.py", line 22
    from a2wsgi import ASGIToWSGI application = ASGIToWSGI(app) 
                                  ^^^^^^^^^^^
SyntaxError: invalid syntax
  File "/home/systema1/privateapps.systematicdefence.tech/server/passenger_wsgi.py", line 22
    from a2wsgi import ASGIToWSGI application = ASGIToWSGI(app) 
                                  ^^^^^^^^^^^
SyntaxError: invalid syntax
[UID:1568][3655634] Child process with pid: 3655699 was killed by signal: 15, core dumped: no
  File "/home/systema1/privateapps.systematicdefence.tech/server/passenger_wsgi.py", line 22
    from a2wsgi import ASGIToWSGI application = ASGIToWSGI(app) 
                                  ^^^^^^^^^^^
SyntaxError: invalid syntax
  File "/home/systema1/privateapps.systematicdefence.tech/server/passenger_wsgi.py", line 22
    from a2wsgi import ASGIToWSGI application = ASGIToWSGI(app) 
                                  ^^^^^^^^^^^
SyntaxError: invalid syntax
[UID:1568][3660732] Child process with pid: 3660750 was killed by signal: 15, core dumped: no
  File "/home/systema1/privateapps.systematicdefence.tech/server/passenger_wsgi.py", line 22
    from a2wsgi import ASGIToWSGI application = ASGIToWSGI(app) 
                                  ^^^^^^^^^^^
SyntaxError: invalid syntax
  File "/home/systema1/privateapps.systematicdefence.tech/server/passenger_wsgi.py", line 22
    from a2wsgi import ASGIToWSGI application = ASGIToWSGI(app) 
                                  ^^^^^^^^^^^
SyntaxError: invalid syntax
[UID:1568][3681109] Child process with pid: 3681137 was killed by signal: 15, core dumped: no
  File "/home/systema1/privateapps.systematicdefence.tech/server/passenger_wsgi.py", line 22
    from a2wsgi import ASGIToWSGI application = ASGIToWSGI(app) 
                                  ^^^^^^^^^^^
SyntaxError: invalid syntax
  File "/home/systema1/privateapps.systematicdefence.tech/server/passenger_wsgi.py", line 22
    from a2wsgi import ASGIToWSGI application = ASGIToWSGI(app) 
                                  ^^^^^^^^^^^
SyntaxError: invalid syntax
[UID:1568][3753894] Child process with pid: 3753909 was killed by signal: 15, core dumped: no
  File "/home/systema1/privateapps.systematicdefence.tech/server/passenger_wsgi.py", line 22
    from a2wsgi import ASGIToWSGI application = ASGIToWSGI(app) 
                                  ^^^^^^^^^^^
SyntaxError: invalid syntax
  File "/home/systema1/privateapps.systematicdefence.tech/server/passenger_wsgi.py", line 22
    from a2wsgi import ASGIToWSGI application = ASGIToWSGI(app) 
                                  ^^^^^^^^^^^
SyntaxError: invalid syntax
[UID:1568][3787566] Child process with pid: 3787585 was killed by signal: 15, core dumped: no
  File "/home/systema1/privateapps.systematicdefence.tech/server/passenger_wsgi.py", line 22
    from a2wsgi import ASGIToWSGI application = ASGIToWSGI(app) 
                                  ^^^^^^^^^^^
SyntaxError: invalid syntax
  File "/home/systema1/privateapps.systematicdefence.tech/server/passenger_wsgi.py", line 22
    from a2wsgi import ASGIToWSGI application = ASGIToWSGI(app) 
                                  ^^^^^^^^^^^
SyntaxError: invalid syntax
[UID:1568][3802443] Child process with pid: 3802458 was killed by signal: 15, core dumped: no
  File "/home/systema1/privateapps.systematicdefence.tech/server/passenger_wsgi.py", line 22
    from a2wsgi import ASGIToWSGI application = ASGIToWSGI(app) 
                                  ^^^^^^^^^^^
SyntaxError: invalid syntax
[UID:1568][3802443] Child process with pid: 3802501 was killed by signal: 15, core dumped: no
  File "/home/systema1/privateapps.systematicdefence.tech/server/passenger_wsgi.py", line 22
    from a2wsgi import ASGIToWSGI application = ASGIToWSGI(app) 
                                  ^^^^^^^^^^^
SyntaxError: invalid syntax
  File "/home/systema1/privateapps.systematicdefence.tech/server/passenger_wsgi.py", line 22
    from a2wsgi import ASGIToWSGI application = ASGIToWSGI(app) 
                                  ^^^^^^^^^^^
SyntaxError: invalid syntax
[UID:1568][3899371] Child process with pid: 3899394 was killed by signal: 15, core dumped: no
  File "/home/systema1/privateapps.systematicdefence.tech/server/passenger_wsgi.py", line 22
    from a2wsgi import ASGIToWSGI application = ASGIToWSGI(app) 
                                  ^^^^^^^^^^^
SyntaxError: invalid syntax
  File "/home/systema1/privateapps.systematicdefence.tech/server/passenger_wsgi.py", line 22
    from a2wsgi import ASGIToWSGI application = ASGIToWSGI(app) 
                                  ^^^^^^^^^^^
SyntaxError: invalid syntax
  File "/home/systema1/privateapps.systematicdefence.tech/server/passenger_wsgi.py", line 22
    from a2wsgi import ASGIToWSGI application = ASGIToWSGI(app) 
                                  ^^^^^^^^^^^
SyntaxError: invalid syntax
[UID:1568][4023970] Child process with pid: 4024016 was killed by signal: 15, core dumped: no
[UID:1568][4023970] Child process with pid: 4024015 was killed by signal: 15, core dumped: no
  File "/home/systema1/privateapps.systematicdefence.tech/server/passenger_wsgi.py", line 22
    from a2wsgi import ASGIToWSGI application = ASGIToWSGI(app) 
                                  ^^^^^^^^^^^
SyntaxError: invalid syntax
  File "/home/systema1/privateapps.systematicdefence.tech/server/passenger_wsgi.py", line 22
    from a2wsgi import ASGIToWSGI application = ASGIToWSGI(app) 
                                  ^^^^^^^^^^^
SyntaxError: invalid syntax
[UID:1568][4050072] Child process with pid: 4050148 was killed by signal: 15, core dumped: no
  File "/home/systema1/privateapps.systematicdefence.tech/server/passenger_wsgi.py", line 22
    from a2wsgi import ASGIToWSGI application = ASGIToWSGI(app) 
                                  ^^^^^^^^^^^
SyntaxError: invalid syntax
[UID:1568][4050072] Child process with pid: 4050236 was killed by signal: 15, core dumped: no
  File "/home/systema1/privateapps.systematicdefence.tech/server/passenger_wsgi.py", line 22
    from a2wsgi import ASGIToWSGI application = ASGIToWSGI(app) 
                                  ^^^^^^^^^^^
SyntaxError: invalid syntax
  File "/home/systema1/privateapps.systematicdefence.tech/server/passenger_wsgi.py", line 22
    from a2wsgi import ASGIToWSGI application = ASGIToWSGI(app) 
                                  ^^^^^^^^^^^
SyntaxError: invalid syntax
[UID:1568][5646] Child process with pid: 5663 was killed by signal: 15, core dumped: no
  File "/home/systema1/privateapps.systematicdefence.tech/server/passenger_wsgi.py", line 22
    from a2wsgi import ASGIToWSGI application = ASGIToWSGI(app) 
                                  ^^^^^^^^^^^
SyntaxError: invalid syntax
[UID:1568][5646] Child process with pid: 5704 was killed by signal: 15, core dumped: no
  File "/home/systema1/privateapps.systematicdefence.tech/server/passenger_wsgi.py", line 22
    from a2wsgi import ASGIToWSGI application = ASGIToWSGI(app) 
                                  ^^^^^^^^^^^
SyntaxError: invalid syntax
  File "/home/systema1/privateapps.systematicdefence.tech/server/passenger_wsgi.py", line 22
    from a2wsgi import ASGIToWSGI application = ASGIToWSGI(app) 
                                  ^^^^^^^^^^^
SyntaxError: invalid syntax
[UID:1568][62353] Child process with pid: 62373 was killed by signal: 15, core dumped: no
  File "/home/systema1/privateapps.systematicdefence.tech/server/passenger_wsgi.py", line 22
    from a2wsgi import ASGIToWSGI application = ASGIToWSGI(app) 
                                  ^^^^^^^^^^^
SyntaxError: invalid syntax
[UID:1568][62353] Child process with pid: 62392 was killed by signal: 15, core dumped: no
  File "/home/systema1/privateapps.systematicdefence.tech/server/passenger_wsgi.py", line 22
    from a2wsgi import ASGIToWSGI application = ASGIToWSGI(app) 
                                  ^^^^^^^^^^^
SyntaxError: invalid syntax
[UID:1568][62353] Child process with pid: 62638 was killed by signal: 15, core dumped: no
  File "/home/systema1/privateapps.systematicdefence.tech/server/passenger_wsgi.py", line 22
    from a2wsgi import ASGIToWSGI application = ASGIToWSGI(app) 
                                  ^^^^^^^^^^^
SyntaxError: invalid syntax
[UID:1568][62353] Child process with pid: 62651 was killed by signal: 15, core dumped: no
  File "/home/systema1/privateapps.systematicdefence.tech/server/passenger_wsgi.py", line 22
    from a2wsgi import ASGIToWSGI application = ASGIToWSGI(app) 
                                  ^^^^^^^^^^^
SyntaxError: invalid syntax
  File "/home/systema1/privateapps.systematicdefence.tech/server/passenger_wsgi.py", line 22
    from a2wsgi import ASGIToWSGI application = ASGIToWSGI(app) 
                                  ^^^^^^^^^^^
SyntaxError: invalid syntax
[UID:1568][71324] Child process with pid: 71343 was killed by signal: 15, core dumped: no
  File "/home/systema1/privateapps.systematicdefence.tech/server/passenger_wsgi.py", line 22
    from a2wsgi import ASGIToWSGI application = ASGIToWSGI(app) 
                                  ^^^^^^^^^^^
SyntaxError: invalid syntax
[UID:1568][71324] Child process with pid: 71362 was killed by signal: 15, core dumped: no
  File "/home/systema1/privateapps.systematicdefence.tech/server/passenger_wsgi.py", line 22
    from a2wsgi import ASGIToWSGI application = ASGIToWSGI(app) 
                                  ^^^^^^^^^^^
SyntaxError: invalid syntax
[UID:1568][71324] Child process with pid: 71703 was killed by signal: 15, core dumped: no
  File "/home/systema1/privateapps.systematicdefence.tech/server/passenger_wsgi.py", line 22
    from a2wsgi import ASGIToWSGI application = ASGIToWSGI(app) 
                                  ^^^^^^^^^^^
SyntaxError: invalid syntax
[UID:1568][71324] Child process with pid: 71722 was killed by signal: 15, core dumped: no
  File "/home/systema1/privateapps.systematicdefence.tech/server/passenger_wsgi.py", line 22
    from a2wsgi import ASGIToWSGI application = ASGIToWSGI(app) 
                                  ^^^^^^^^^^^
SyntaxError: invalid syntax
[UID:1568][71324] Child process with pid: 72594 was killed by signal: 15, core dumped: no
  File "/home/systema1/privateapps.systematicdefence.tech/server/passenger_wsgi.py", line 22
    from a2wsgi import ASGIToWSGI application = ASGIToWSGI(app) 
                                  ^^^^^^^^^^^
SyntaxError: invalid syntax
[UID:1568][71324] Child process with pid: 72609 was killed by signal: 15, core dumped: no
  File "/home/systema1/privateapps.systematicdefence.tech/server/passenger_wsgi.py", line 22
    from a2wsgi import ASGIToWSGI application = ASGIToWSGI(app) 
                                  ^^^^^^^^^^^
SyntaxError: invalid syntax
[UID:1568][71324] Child process with pid: 72880 was killed by signal: 15, core dumped: no
  File "/home/systema1/privateapps.systematicdefence.tech/server/passenger_wsgi.py", line 22
    from a2wsgi import ASGIToWSGI application = ASGIToWSGI(app) 
                                  ^^^^^^^^^^^
SyntaxError: invalid syntax
[UID:1568][71324] Child process with pid: 72899 was killed by signal: 15, core dumped: no
  File "/home/systema1/privateapps.systematicdefence.tech/server/passenger_wsgi.py", line 22
    from a2wsgi import ASGIToWSGI application = ASGIToWSGI(app) 
                                  ^^^^^^^^^^^
SyntaxError: invalid syntax
  File "/home/systema1/privateapps.systematicdefence.tech/server/passenger_wsgi.py", line 22
    from a2wsgi import ASGIToWSGI application = ASGIToWSGI(app) 
                                  ^^^^^^^^^^^
SyntaxError: invalid syntax
[UID:1568][464022] Child process with pid: 464050 was killed by signal: 15, core dumped: no
  File "/home/systema1/privateapps.systematicdefence.tech/server/passenger_wsgi.py", line 22
    from a2wsgi import ASGIToWSGI application = ASGIToWSGI(app) 
                                  ^^^^^^^^^^^
SyntaxError: invalid syntax
  File "/home/systema1/privateapps.systematicdefence.tech/server/passenger_wsgi.py", line 22
    from a2wsgi import ASGIToWSGI application = ASGIToWSGI(app) 
                                  ^^^^^^^^^^^
SyntaxError: invalid syntax
[UID:1568][657014] Child process with pid: 657089 was killed by signal: 15, core dumped: no
  File "/home/systema1/privateapps.systematicdefence.tech/server/passenger_wsgi.py", line 22
    from a2wsgi import ASGIToWSGI application = ASGIToWSGI(app) 
                                  ^^^^^^^^^^^
SyntaxError: invalid syntax
[UID:1568][657014] Child process with pid: 657201 was killed by signal: 15, core dumped: no
  File "/home/systema1/privateapps.systematicdefence.tech/server/passenger_wsgi.py", line 22
    from a2wsgi import ASGIToWSGI application = ASGIToWSGI(app) 
                                  ^^^^^^^^^^^
SyntaxError: invalid syntax
[UID:1568][657014] Child process with pid: 658551 was killed by signal: 15, core dumped: no
  File "/home/systema1/privateapps.systematicdefence.tech/server/passenger_wsgi.py", line 22
    from a2wsgi import ASGIToWSGI application = ASGIToWSGI(app) 
                                  ^^^^^^^^^^^
SyntaxError: invalid syntax
[UID:1568][657014] Child process with pid: 658612 was killed by signal: 15, core dumped: no
  File "/home/systema1/privateapps.systematicdefence.tech/server/passenger_wsgi.py", line 22
    from a2wsgi import ASGIToWSGI application = ASGIToWSGI(app) 
                                  ^^^^^^^^^^^
SyntaxError: invalid syntax
  File "/home/systema1/privateapps.systematicdefence.tech/server/passenger_wsgi.py", line 22
    from a2wsgi import ASGIToWSGI application = ASGIToWSGI(app) 
                                  ^^^^^^^^^^^
SyntaxError: invalid syntax
[UID:1568][734662] Child process with pid: 734917 was killed by signal: 15, core dumped: no
  File "/home/systema1/privateapps.systematicdefence.tech/server/passenger_wsgi.py", line 22
    from a2wsgi import ASGIToWSGI application = ASGIToWSGI(app) 
                                  ^^^^^^^^^^^
SyntaxError: invalid syntax
  File "/home/systema1/privateapps.systematicdefence.tech/server/passenger_wsgi.py", line 22
    from a2wsgi import ASGIToWSGI application = ASGIToWSGI(app) 
                                  ^^^^^^^^^^^
SyntaxError: invalid syntax
[UID:1568][735155] Child process with pid: 735367 was killed by signal: 15, core dumped: no
  File "/home/systema1/privateapps.systematicdefence.tech/server/passenger_wsgi.py", line 22
    from a2wsgi import ASGIToWSGI application = ASGIToWSGI(app) 
                                  ^^^^^^^^^^^
SyntaxError: invalid syntax
[UID:1568][735155] Child process with pid: 735761 was killed by signal: 15, core dumped: no
  File "/home/systema1/privateapps.systematicdefence.tech/server/passenger_wsgi.py", line 22
    from a2wsgi import ASGIToWSGI application = ASGIToWSGI(app) 
                                  ^^^^^^^^^^^
SyntaxError: invalid syntax
[UID:1568][735155] Child process with pid: 735820 was killed by signal: 15, core dumped: no
  File "/home/systema1/privateapps.systematicdefence.tech/server/passenger_wsgi.py", line 22
    from a2wsgi import ASGIToWSGI application = ASGIToWSGI(app) 
                                  ^^^^^^^^^^^
SyntaxError: invalid syntax
  File "/home/systema1/privateapps.systematicdefence.tech/server/passenger_wsgi.py", line 22
    from a2wsgi import ASGIToWSGI application = ASGIToWSGI(app) 
                                  ^^^^^^^^^^^
SyntaxError: invalid syntax
[UID:1568][739354] Child process with pid: 739594 was killed by signal: 15, core dumped: no
  File "/home/systema1/privateapps.systematicdefence.tech/server/passenger_wsgi.py", line 22
    from a2wsgi import ASGIToWSGI application = ASGIToWSGI(app) 
                                  ^^^^^^^^^^^
SyntaxError: invalid syntax
[UID:1568][739354] Child process with pid: 739811 was killed by signal: 15, core dumped: no
  File "/home/systema1/privateapps.systematicdefence.tech/server/passenger_wsgi.py", line 22
    from a2wsgi import ASGIToWSGI application = ASGIToWSGI(app) 
                                  ^^^^^^^^^^^
SyntaxError: invalid syntax
[UID:1568][739354] Child process with pid: 740363 was killed by signal: 15, core dumped: no
  File "/home/systema1/privateapps.systematicdefence.tech/server/passenger_wsgi.py", line 22
    from a2wsgi import ASGIToWSGI application = ASGIToWSGI(app) 
                                  ^^^^^^^^^^^
SyntaxError: invalid syntax
[UID:1568][739354] Child process with pid: 740398 was killed by signal: 15, core dumped: no
  File "/home/systema1/privateapps.systematicdefence.tech/server/passenger_wsgi.py", line 22
    from a2wsgi import ASGIToWSGI application = ASGIToWSGI(app) 
                                  ^^^^^^^^^^^
SyntaxError: invalid syntax
  File "/home/systema1/privateapps.systematicdefence.tech/server/passenger_wsgi.py", line 22
    from a2wsgi import ASGIToWSGI application = ASGIToWSGI(app) 
                                  ^^^^^^^^^^^
SyntaxError: invalid syntax
[UID:1568][943457] Child process with pid: 943483 was killed by signal: 15, core dumped: no
  File "/home/systema1/privateapps.systematicdefence.tech/server/passenger_wsgi.py", line 22
    from a2wsgi import ASGIToWSGI application = ASGIToWSGI(app) 
                                  ^^^^^^^^^^^
SyntaxError: invalid syntax
  File "/home/systema1/privateapps.systematicdefence.tech/server/passenger_wsgi.py", line 22
    from a2wsgi import ASGIToWSGI application = ASGIToWSGI(app) 
                                  ^^^^^^^^^^^
SyntaxError: invalid syntax
[UID:1568][1063820] Child process with pid: 1063838 was killed by signal: 15, core dumped: no
  File "/home/systema1/privateapps.systematicdefence.tech/server/passenger_wsgi.py", line 22
    from a2wsgi import ASGIToWSGI application = ASGIToWSGI(app) 
                                  ^^^^^^^^^^^
SyntaxError: invalid syntax
[UID:1568][1063820] Child process with pid: 1063877 was killed by signal: 15, core dumped: no
  File "/home/systema1/privateapps.systematicdefence.tech/server/passenger_wsgi.py", line 22
    from a2wsgi import ASGIToWSGI application = ASGIToWSGI(app) 
                                  ^^^^^^^^^^^
SyntaxError: invalid syntax
[UID:1568][1063820] Child process with pid: 1063916 was killed by signal: 15, core dumped: no
  File "/home/systema1/privateapps.systematicdefence.tech/server/passenger_wsgi.py", line 22
    from a2wsgi import ASGIToWSGI application = ASGIToWSGI(app) 
                                  ^^^^^^^^^^^
SyntaxError: invalid syntax
[UID:1568][1063820] Child process with pid: 1063940 was killed by signal: 15, core dumped: no
  File "/home/systema1/privateapps.systematicdefence.tech/server/passenger_wsgi.py", line 22
    from a2wsgi import ASGIToWSGI application = ASGIToWSGI(app) 
                                  ^^^^^^^^^^^
SyntaxError: invalid syntax
  File "/home/systema1/privateapps.systematicdefence.tech/server/passenger_wsgi.py", line 22
    from a2wsgi import ASGIToWSGI application = ASGIToWSGI(app) 
                                  ^^^^^^^^^^^
SyntaxError: invalid syntax
[UID:1568][2038889] Child process with pid: 2038900 was killed by signal: 15, core dumped: no
  File "/home/systema1/privateapps.systematicdefence.tech/server/passenger_wsgi.py", line 22
    from a2wsgi import ASGIToWSGI application = ASGIToWSGI(app) 
                                  ^^^^^^^^^^^
SyntaxError: invalid syntax
[UID:1568][2038889] Child process with pid: 2038920 was killed by signal: 15, core dumped: no
  File "/home/systema1/privateapps.systematicdefence.tech/server/passenger_wsgi.py", line 22
    from a2wsgi import ASGIToWSGI application = ASGIToWSGI(app) 
                                  ^^^^^^^^^^^
SyntaxError: invalid syntax
  File "/home/systema1/privateapps.systematicdefence.tech/server/passenger_wsgi.py", line 22
    from a2wsgi import ASGIToWSGI application = ASGIToWSGI(app) 
                                  ^^^^^^^^^^^
SyntaxError: invalid syntax
[UID:1568][2770516] Child process with pid: 2770606 was killed by signal: 15, core dumped: no
  File "/home/systema1/privateapps.systematicdefence.tech/server/passenger_wsgi.py", line 22
    from a2wsgi import ASGIToWSGI application = ASGIToWSGI(app) 
                                  ^^^^^^^^^^^
SyntaxError: invalid syntax
[UID:1568][2770516] Child process with pid: 2770728 was killed by signal: 15, core dumped: no
  File "/home/systema1/privateapps.systematicdefence.tech/server/passenger_wsgi.py", line 22
    from a2wsgi import ASGIToWSGI application = ASGIToWSGI(app) 
                                  ^^^^^^^^^^^
SyntaxError: invalid syntax
[UID:1568][2770516] Child process with pid: 2770859 was killed by signal: 15, core dumped: no
  File "/home/systema1/privateapps.systematicdefence.tech/server/passenger_wsgi.py", line 22
    from a2wsgi import ASGIToWSGI application = ASGIToWSGI(app) 
                                  ^^^^^^^^^^^
SyntaxError: invalid syntax
  File "/home/systema1/privateapps.systematicdefence.tech/server/passenger_wsgi.py", line 22
    from a2wsgi import ASGIToWSGI application = ASGIToWSGI(app) 
                                  ^^^^^^^^^^^
SyntaxError: invalid syntax
[UID:1568][2772592] Child process with pid: 2772608 was killed by signal: 15, core dumped: no
  File "/home/systema1/privateapps.systematicdefence.tech/server/passenger_wsgi.py", line 22
    from a2wsgi import ASGIToWSGI application = ASGIToWSGI(app) 
                                  ^^^^^^^^^^^
SyntaxError: invalid syntax
  File "/home/systema1/privateapps.systematicdefence.tech/server/passenger_wsgi.py", line 22
    from a2wsgi import ASGIToWSGI application = ASGIToWSGI(app) 
                                  ^^^^^^^^^^^
SyntaxError: invalid syntax
[UID:1568][3767825] Child process with pid: 3767888 was killed by signal: 15, core dumped: no
  File "/home/systema1/privateapps.systematicdefence.tech/server/passenger_wsgi.py", line 22
    from a2wsgi import ASGIToWSGI application = ASGIToWSGI(app) 
                                  ^^^^^^^^^^^
SyntaxError: invalid syntax
[UID:1568][3767825] Child process with pid: 3767959 was killed by signal: 15, core dumped: no
  File "/home/systema1/privateapps.systematicdefence.tech/server/passenger_wsgi.py", line 22
    from a2wsgi import ASGIToWSGI application = ASGIToWSGI(app) 
                                  ^^^^^^^^^^^
SyntaxError: invalid syntax
  File "/home/systema1/privateapps.systematicdefence.tech/server/passenger_wsgi.py", line 22
    from a2wsgi import ASGIToWSGI application = ASGIToWSGI(app) 
                                  ^^^^^^^^^^^
SyntaxError: invalid syntax
[UID:1568][198265] Child process with pid: 198340 was killed by signal: 15, core dumped: no
  File "/home/systema1/privateapps.systematicdefence.tech/server/passenger_wsgi.py", line 22
    from a2wsgi import ASGIToWSGI application = ASGIToWSGI(app) 
                                  ^^^^^^^^^^^
SyntaxError: invalid syntax
[UID:1568][198265] Child process with pid: 198421 was killed by signal: 15, core dumped: no
